user@WIN-IUP1272D2T4 MINGW64 ~/Desktop/lab01
$ git init
Initialized empty Git repository in C:/Users/user/Desktop/lab01/.git/

user@WIN-IUP1272D2T4 MINGW64 ~/Desktop/lab01 (master)
$ git config user.name 'Natusya'

user@WIN-IUP1272D2T4 MINGW64 ~/Desktop/lab01 (master)
$ $ git config user.email ^[[200~va
bash: $: command not found

user@WIN-IUP1272D2T4 MINGW64 ~/Desktop/lab01 (master)
$ git config user.email 'KlimovaNK@mpei.ru'

user@WIN-IUP1272D2T4 MINGW64 ~/Desktop/lab01 (master)
$ git status
On branch master

No commits yet

Untracked files:
  (use "git add <file>..." to include in what will be committed)
        .gitignore
        bin/
        lab01.cbp
        lab01.depend
        lab01.layout
        main.cpp
        obj/

nothing added to commit but untracked files present (use "git add" to track)

user@WIN-IUP1272D2T4 MINGW64 ~/Desktop/lab01 (master)
$ git add main.cpp

user@WIN-IUP1272D2T4 MINGW64 ~/Desktop/lab01 (master)
$ git add lab01.cbp
warning: in the working copy of 'lab01.cbp', LF will be replaced by CRLF the nex
t time Git touches it

user@WIN-IUP1272D2T4 MINGW64 ~/Desktop/lab01 (master)
$ git commit -m'add files'
[master (root-commit) 6453b4f] add files
 2 files changed, 135 insertions(+)
 create mode 100644 lab01.cbp
 create mode 100644 main.cpp

user@WIN-IUP1272D2T4 MINGW64 ~/Desktop/lab01 (master)
$ git add .gitignore

user@WIN-IUP1272D2T4 MINGW64 ~/Desktop/lab01 (master)
$ git commit -m'ignore'
[master 1946949] ignore
 1 file changed, 2 insertions(+)
 create mode 100644 .gitignore

user@WIN-IUP1272D2T4 MINGW64 ~/Desktop/lab01 (master)
$ git status
On branch master
Untracked files:
  (use "git add <file>..." to include in what will be committed)
        lab01.depend
        lab01.layout

nothing added to commit but untracked files present (use "git add" to track)

user@WIN-IUP1272D2T4 MINGW64 ~/Desktop/lab01 (master)
$


C:\Users\user>cd C:\Users\user\Desktop\lab01\bin\Debug

C:\Users\user\Desktop\lab01\bin\Debug> lab01.exe <marks.txt >marks.svg